[omega.idv.tw/nsis/Contents.html]
[backblue.gif]
[fade.gif]
[index.html]
[omega.idv.tw/nsis/style.css]
[omega.idv.tw/nsis/chmlink.js]
[omega.idv.tw/nsis/Chapter1.html]
[omega.idv.tw/nsis/Section1.1.html]
[omega.idv.tw/nsis/Section1.2.html]
[omega.idv.tw/nsis/Section1.3.html]
[omega.idv.tw/nsis/Chapter2.html]
[omega.idv.tw/nsis/Section2.1.html]
[omega.idv.tw/nsis/Section2.2.html]
[omega.idv.tw/nsis/Section2.3.html]
[omega.idv.tw/nsis/Section2.4.html]
[omega.idv.tw/nsis/Section2.5.html]
[omega.idv.tw/nsis/Section2.6.html]
[omega.idv.tw/nsis/Section2.7.html]
[omega.idv.tw/nsis/Chapter3.html]
[omega.idv.tw/nsis/Section3.1.html]
[omega.idv.tw/nsis/Section3.2.html]
[omega.idv.tw/nsis/Chapter4.html]
[omega.idv.tw/nsis/Section4.1.html]
[omega.idv.tw/nsis/Section4.2.html]
[omega.idv.tw/nsis/Section4.3.html]
[omega.idv.tw/nsis/Section4.4.html]
[omega.idv.tw/nsis/Section4.5.html]
[omega.idv.tw/nsis/Section4.6.html]
[omega.idv.tw/nsis/Section4.7.html]
[omega.idv.tw/nsis/Section4.8.html]
[omega.idv.tw/nsis/Section4.9.html]
[omega.idv.tw/nsis/Section4.10.html]
[omega.idv.tw/nsis/Section4.11.html]
[omega.idv.tw/nsis/Section4.12.html]
[omega.idv.tw/nsis/Chapter5.html]
[omega.idv.tw/nsis/Section5.1.html]
[omega.idv.tw/nsis/Section5.2.html]
[omega.idv.tw/nsis/Section5.3.html]
[omega.idv.tw/nsis/Section5.4.html]
[omega.idv.tw/nsis/AppendixA.html]
[omega.idv.tw/nsis/AppendixB.html]
[omega.idv.tw/nsis/SectionB.1.html]
[omega.idv.tw/nsis/SectionB.2.html]
[omega.idv.tw/nsis/SectionB.3.html]
[omega.idv.tw/nsis/SectionB.4.html]
[omega.idv.tw/nsis/AppendixC.html]
[omega.idv.tw/nsis/SectionC.1.html]
[omega.idv.tw/nsis/SectionC.2.html]
[omega.idv.tw/nsis/SectionC.3.html]
[omega.idv.tw/nsis/SectionC.4.html]
[omega.idv.tw/nsis/SectionC.5.html]
[omega.idv.tw/nsis/SectionC.6.html]
[omega.idv.tw/nsis/SectionC.7.html]
[omega.idv.tw/nsis/SectionC.8.html]
[omega.idv.tw/nsis/SectionC.9.html]
[omega.idv.tw/nsis/SectionC.10.html]
[omega.idv.tw/nsis/SectionC.11.html]
[omega.idv.tw/nsis/SectionC.12.html]
[omega.idv.tw/nsis/AppendixD.html]
[omega.idv.tw/nsis/SectionD.1.html]
[omega.idv.tw/nsis/SectionD.2.html]
[omega.idv.tw/nsis/SectionD.3.html]
[omega.idv.tw/nsis/SectionD.4.html]
[omega.idv.tw/nsis/SectionD.5.html]
[omega.idv.tw/nsis/AppendixE.html]
[omega.idv.tw/nsis/SectionE.1.html]
[omega.idv.tw/nsis/SectionE.2.html]
[omega.idv.tw/nsis/SectionE.3.html]
[omega.idv.tw/nsis/SectionE.4.html]
[omega.idv.tw/nsis/SectionE.5.html]
[omega.idv.tw/nsis/AppendixF.html]
[omega.idv.tw/nsis/AppendixG.html]
[omega.idv.tw/nsis/SectionG.1.html]
[omega.idv.tw/nsis/SectionG.2.html]
[omega.idv.tw/nsis/SectionG.3.html]
[omega.idv.tw/nsis/SectionG.4.html]
[omega.idv.tw/nsis/AppendixH.html]
[omega.idv.tw/nsis/SectionH.1.html]
[omega.idv.tw/nsis/SectionH.2.html]
[omega.idv.tw/nsis/SectionH.3.html]
[omega.idv.tw/nsis/SectionH.4.html]
[omega.idv.tw/nsis/SectionH.5.html]
[omega.idv.tw/nsis/AppendixI.html]
[pagead2.googlesyndication.com/pagead/js/f.txt]
[omega.idv.tw/nsis/Contents.html]
[omega.idv.tw/nsis/style.css]
[omega.idv.tw/nsis/Chapter1.html]
[omega.idv.tw/nsis/Section1.1.html]
[omega.idv.tw/nsis/Section1.2.html]
[omega.idv.tw/nsis/Section1.3.html]
[omega.idv.tw/nsis/Chapter2.html]
[omega.idv.tw/nsis/Section2.1.html]
[omega.idv.tw/nsis/Section2.2.html]
[omega.idv.tw/nsis/Section2.3.html]
[omega.idv.tw/nsis/Section2.4.html]
[omega.idv.tw/nsis/Section2.5.html]
[omega.idv.tw/nsis/Section2.6.html]
[omega.idv.tw/nsis/Section2.7.html]
[omega.idv.tw/nsis/Chapter3.html]
[omega.idv.tw/nsis/Section3.1.html]
[omega.idv.tw/nsis/Section3.2.html]
[omega.idv.tw/nsis/Chapter4.html]
[omega.idv.tw/nsis/Section4.1.html]
[omega.idv.tw/nsis/Section4.2.html]
[omega.idv.tw/nsis/Section4.3.html]
[omega.idv.tw/nsis/Section4.4.html]
[omega.idv.tw/nsis/Section4.5.html]
[omega.idv.tw/nsis/Section4.6.html]
[omega.idv.tw/nsis/Section4.7.html]
[omega.idv.tw/nsis/Section4.8.html]
[omega.idv.tw/nsis/Section4.9.html]
[omega.idv.tw/nsis/Section4.10.html]
[omega.idv.tw/nsis/Section4.11.html]
[omega.idv.tw/nsis/Section4.12.html]
[omega.idv.tw/nsis/Chapter5.html]
[omega.idv.tw/nsis/Section5.1.html]
[omega.idv.tw/nsis/Section5.2.html]
[omega.idv.tw/nsis/Section5.3.html]
[omega.idv.tw/nsis/Section5.4.html]
[omega.idv.tw/nsis/AppendixA.html]
[omega.idv.tw/nsis/AppendixB.html]
[omega.idv.tw/nsis/SectionB.1.html]
[omega.idv.tw/nsis/SectionB.2.html]
[omega.idv.tw/nsis/SectionB.3.html]
[omega.idv.tw/nsis/SectionB.4.html]
[omega.idv.tw/nsis/AppendixC.html]
[omega.idv.tw/nsis/SectionC.1.html]
[omega.idv.tw/nsis/SectionC.2.html]
[omega.idv.tw/nsis/SectionC.3.html]
[omega.idv.tw/nsis/SectionC.4.html]
[omega.idv.tw/nsis/SectionC.5.html]
[omega.idv.tw/nsis/SectionC.6.html]
[omega.idv.tw/nsis/SectionC.7.html]
[omega.idv.tw/nsis/SectionC.8.html]
[omega.idv.tw/nsis/SectionC.9.html]
[omega.idv.tw/nsis/SectionC.10.html]
[omega.idv.tw/nsis/SectionC.11.html]
[omega.idv.tw/nsis/SectionC.12.html]
[omega.idv.tw/nsis/AppendixD.html]
[omega.idv.tw/nsis/SectionD.1.html]
[omega.idv.tw/nsis/SectionD.2.html]
[omega.idv.tw/nsis/SectionD.3.html]
[omega.idv.tw/nsis/SectionD.4.html]
[omega.idv.tw/nsis/SectionD.5.html]
[omega.idv.tw/nsis/AppendixE.html]
[omega.idv.tw/nsis/SectionE.1.html]
[omega.idv.tw/nsis/SectionE.2.html]
[omega.idv.tw/nsis/SectionE.3.html]
[omega.idv.tw/nsis/SectionE.4.html]
[omega.idv.tw/nsis/SectionE.5.html]
[omega.idv.tw/nsis/SectionF.1.html]
[omega.idv.tw/nsis/SectionF.2.html]
[omega.idv.tw/nsis/SectionF.3.html]
[omega.idv.tw/nsis/SectionF.4.html]
[omega.idv.tw/nsis/SectionF.5.html]
[omega.idv.tw/nsis/SectionF.6.html]
[omega.idv.tw/nsis/SectionF.7.html]
[omega.idv.tw/nsis/SectionF.8.html]
[omega.idv.tw/nsis/SectionF.9.html]
[omega.idv.tw/nsis/SectionF.10.html]
[omega.idv.tw/nsis/SectionF.11.html]
[omega.idv.tw/nsis/SectionF.12.html]
[omega.idv.tw/nsis/SectionF.13.html]
[omega.idv.tw/nsis/SectionF.14.html]
[omega.idv.tw/nsis/SectionF.15.html]
[omega.idv.tw/nsis/SectionF.16.html]
[omega.idv.tw/nsis/SectionF.17.html]
[omega.idv.tw/nsis/SectionF.18.html]
[omega.idv.tw/nsis/SectionF.19.html]
[omega.idv.tw/nsis/SectionF.20.html]
[omega.idv.tw/nsis/SectionF.21.html]
[omega.idv.tw/nsis/SectionF.22.html]
[omega.idv.tw/nsis/SectionF.23.html]
[omega.idv.tw/nsis/SectionF.24.html]
[omega.idv.tw/nsis/SectionF.25.html]
[omega.idv.tw/nsis/SectionF.26.html]
[omega.idv.tw/nsis/SectionF.27.html]
[omega.idv.tw/nsis/SectionF.28.html]
[omega.idv.tw/nsis/AppendixF.html]
[omega.idv.tw/nsis/AppendixG.html]
[omega.idv.tw/nsis/SectionG.1.html]
[omega.idv.tw/nsis/SectionG.2.html]
[omega.idv.tw/nsis/SectionG.3.html]
[omega.idv.tw/nsis/SectionG.4.html]
[omega.idv.tw/nsis/AppendixH.html]
[omega.idv.tw/nsis/SectionH.1.html]
[omega.idv.tw/nsis/SectionH.2.html]
[omega.idv.tw/nsis/SectionH.3.html]
[omega.idv.tw/nsis/SectionH.4.html]
[omega.idv.tw/nsis/SectionH.5.html]
[omega.idv.tw/nsis/IndexPage.html]
[omega.idv.tw/nsis/AppendixI.html]
[omega.idv.tw/nsis/SectionB.11.html]
[omega.idv.tw/nsis/SectionF.1.html]
[omega.idv.tw/nsis/SectionF.2.html]
[omega.idv.tw/nsis/SectionF.3.html]
[omega.idv.tw/nsis/SectionF.4.html]
[omega.idv.tw/nsis/SectionF.5.html]
[omega.idv.tw/nsis/SectionF.6.html]
[omega.idv.tw/nsis/SectionF.7.html]
[omega.idv.tw/nsis/SectionF.8.html]
[omega.idv.tw/nsis/SectionF.9.html]
[omega.idv.tw/nsis/SectionF.10.html]
[omega.idv.tw/nsis/SectionF.11.html]
[omega.idv.tw/nsis/SectionF.12.html]
[omega.idv.tw/nsis/SectionF.13.html]
[omega.idv.tw/nsis/SectionF.14.html]
[omega.idv.tw/nsis/SectionF.15.html]
[omega.idv.tw/nsis/SectionF.16.html]
[omega.idv.tw/nsis/SectionF.17.html]
[omega.idv.tw/nsis/SectionF.18.html]
[omega.idv.tw/nsis/SectionF.19.html]
[omega.idv.tw/nsis/SectionF.20.html]
[omega.idv.tw/nsis/SectionF.21.html]
[omega.idv.tw/nsis/SectionF.22.html]
[omega.idv.tw/nsis/SectionF.23.html]
[omega.idv.tw/nsis/SectionF.24.html]
[omega.idv.tw/nsis/SectionF.25.html]
[omega.idv.tw/nsis/SectionF.26.html]
[omega.idv.tw/nsis/SectionF.27.html]
[omega.idv.tw/nsis/SectionF.28.html]
[omega.idv.tw/nsis/SectionI.1.html]
[omega.idv.tw/nsis/SectionI.2.html]
[omega.idv.tw/nsis/SectionI.3.html]
[omega.idv.tw/nsis/SectionI.4.html]
[omega.idv.tw/nsis/SectionI.5.html]
[omega.idv.tw/nsis/IndexPage.html]
